The following modules were not unloaded:
  (Use "module --force purge" to unload all):

  1) modules/2.4-20250724   2) openblas/single-0.3.29
Error fetching ranges
The docker module can be used to run a rootless docker daemon on your own workstation. If you have a
workstation and you'd like to use docker, please try loading it there. For more details, see:
https://wiki.flatironinstitute.org/SCC/Software/DockerSingularity 

Lmod is automatically replacing "openblas/single-0.3.29" with "intel-oneapi-mkl/2024.2.2".

--------------------------------------------------------------------------
Ignoring value for oob_tcp_if_exclude on worker7146 (10.250.112.0/20: Did not find interface matching this subnet).
(You can safely ignore this message.)
--------------------------------------------------------------------------
Starting run with 90 MPI rank(s) at : 2026-09-14 12:40:32.639515
Pomerol: operator indices
Index 0 = (A,0,0)
Index 1 = (A,0,1)

Pomerol: Hamiltonian
-1.8*C+(A,0,0)C(A,0,0) + -1.8*C+(A,0,1)C(A,0,1) + 4*C+(A,0,0)C+(A,0,1)C(A,0,1)C(A,0,0)
Preparing Hamiltonian parts...Calculating 4 jobs using 90 procs.
Calculating 4 jobs using 90 procs.
[1/4] P0 : part 0 [1] run;
[3/4] P2 : part 2 [1] run;
[2/4] P1 : part 1 [1] run;
[4/4] P3 : part 3 [1] run;
done.
Pomerol: Ground state energy is -1.8
Pomerol: Computing density matrix for \beta = 2
0  50  
0  50  
0  50  
0  50  
0  50  
0  50  
0  50  
0  50  
0  50  
0  50  
0  50  
0  50  
0  50  
0  50  
0  50  
0  50  
0  50  
0  50  
0  50  
0  50  
0  50  
0  50  
0  50  
0  50  
0  50  
0  50  
0  50  
0  50  
0  50  
0  50  
0  50  
0  50  
0  50  
0  50  
0  50  
0  50  
0  50  
0  50  
0  50  
0  50  
0  50  
0  50  
0  50  
0  50  
0  50  
0  50  
0  50  
0  50  
0  50  
0  50  
0  50  
0  50  
0  50  
0  50  
0  50  
0  50  
0  50  
0  50  
0  50  
0  50  
0  50  
0  50  
0  50  
0  50  
0  50  
0  50  
0  50  
0  50  
0  50  
0  50  
0  50  
0  50  
0  50  
0  50  
0  50  
0  50  
0  50  
0  50  
0  50  
0  50  
0  50  
0  50  
0  50  
0  50  
0  50  
0  50  
0  0  50  
0  50  
0  50  
0  50  
0  50  
0  50  
0  50  
0  50  
0  50  
0  50  
0  50  
0  50  
0  50  
0  50  
0  50  
0  50  
0  50  
0  50  
0  50  
0  50  
0  50  
0  50  
0  50  
0  50  
0  50  
0  50  
0  50  
0  50  
0  50  
0  50  
0  50  
0  50  
0  50  
0  50  
0  50  
0  50  
0  50  
0  50  
0  50  
0  50  
0  50  
0  50  
0  50  
0  50  
0  50  
0  50  
0  50  
0  50  
0  50  
0  50  
0  50  
0  50  
0  50  
0  50  
0  50  
0  50  
0  50  
0  50  
0  50  
0  50  
0  50  
0  0  50  
0  50  
0  50  
0  50  
0  50  
0  50  
0  50  
0  50  
0  50  
0  50  
0  50  
ThreePointSusceptibility(PH,1,1,1,1): 2 parts will be calculated
0  50  
0  50  
0  50  
0  50  
ThreePointSusceptibility(PH,1,1,1,1): 2 parts will be calculated
0  50  
0  50  
0  50  
0  50  
0  50  
0  50  
0  50  
0  50  
ThreePointSusceptibility(PH,1,1,1,1): 2 parts will be calculated
0  50  
0  50  
0  50  
0  50  
ThreePointSusceptibility(PH,1,1,1,1): 2 parts will be calculated
0  50  
0  50  
ThreePointSusceptibility(PH,1,1,1,1): 2 parts will be calculated
0  50  
0  50  
0  50  
0  50  
ThreePointSusceptibility(PH,1,1,1,1): 2 parts will be calculated
0  50  
0  50  
0  50  
0  50  
ThreePointSusceptibility(PH,1,1,1,1): 2 parts will be calculated
0  50  
0  50  
ThreePointSusceptibility(PH,1,1,1,1): 2 parts will be calculated
0  50  
0  50  
ThreePointSusceptibility(PH,1,1,1,1): 2 parts will be calculated
0  50  
0  50  
ThreePointSusceptibility(PH,1,1,1,1): 2 parts will be calculated
0  50  
0  50  
0  50  
0  50  
0  50  
0  50  
ThreePointSusceptibility(PH,1,1,1,1): 2 parts will be calculated
0  50  
0  50  
ThreePointSusceptibility(PH,1,1,1,1): 2 parts will be calculated
0  50  
0  50  
ThreePointSusceptibility(PH,1,1,1,1): 2 parts will be calculated
0  50  
0  50  
0  50  
0  50  
ThreePointSusceptibility(PH,1,1,1,1): 2 parts will be calculated
0  50  
0  50  
0  50  
0  50  
ThreePointSusceptibility(PH,1,1,1,1): 2 parts will be calculated
0  50  
0  50  
ThreePointSusceptibility(PH,1,1,1,1): 2 parts will be calculated
0  50  
0  50  
ThreePointSusceptibility(PH,1,1,1,1): 2 parts will be calculated
0  50  
0  50  
ThreePointSusceptibility(PH,1,1,1,1): 2 parts will be calculated
0  50  
0  50  
ThreePointSusceptibility(PH,1,1,1,1): 2 parts will be calculated
0  50  
0  50  
ThreePointSusceptibility(PH,1,1,1,1): 2 parts will be calculated
0  50  
0  50  
ThreePointSusceptibility(PH,1,1,1,1): 2 parts will be calculated
0  50  
0  50  
ThreePointSusceptibility(PH,1,1,1,1): 2 parts will be calculated
0  50  
0  50  
ThreePointSusceptibility(PH,1,1,1,1): 2 parts will be calculated
0  50  
0  50  
ThreePointSusceptibility(PH,1,1,1,1): 2 parts will be calculated
0  50  
0  50  
ThreePointSusceptibility(PH,1,1,1,1): 2 parts will be calculated
0  50  
0  50  
ThreePointSusceptibility(PH,1,1,1,1): 2 parts will be calculated
0  50  
0  50  
ThreePointSusceptibility(PH,1,1,1,1): 2 parts will be calculated
0  50  
ThreePointSusceptibility(PH,1,1,1,1): 2 parts will be calculated
0  50  
0  50  
ThreePointSusceptibility(PH,1,1,1,1): 2 parts will be calculated
0  50  
0  50  
ThreePointSusceptibility(PH,1,1,1,1): 2 parts will be calculated
ThreePointSusceptibility(PH,1,1,1,1): 2 parts will be calculated
0  50  
0  50  
ThreePointSusceptibility(PH,1,1,1,1): 2 parts will be calculated
ThreePointSusceptibility(PH,1,1,1,1): 2 parts will be calculated
ThreePointSusceptibility(PH,1,1,1,1): 2 parts will be calculated
ThreePointSusceptibility(PH,1,1,1,1): 2 parts will be calculated
0  50  
0  50  
ThreePointSusceptibility(PH,1,1,1,1): 2 parts will be calculated
ThreePointSusceptibility(PH,1,1,1,1): 2 parts will be calculated
0  50  
0  50  
ThreePointSusceptibility(PH,1,1,1,1): 2 parts will be calculated
0  50  
0  50  
ThreePointSusceptibility(PH,1,1,1,1): 2 parts will be calculated
ThreePointSusceptibility(PH,1,1,1,1): 2 parts will be calculated
0  50  
0  50  
ThreePointSusceptibility(PH,1,1,1,1): 2 parts will be calculated
ThreePointSusceptibility(PH,1,1,1,1): 2 parts will be calculated
0  50  
0  50  
ThreePointSusceptibility(PH,1,1,1,1): 2 parts will be calculated
50  
0  50  
ThreePointSusceptibility(PH,1,1,1,1): 2 parts will be calculated
ThreePointSusceptibility(PH,1,1,1,1): 2 parts will be calculated
0  50  
ThreePointSusceptibility(PH,1,1,1,1): 2 parts will be calculated
0  50  
0  50  
ThreePointSusceptibility(PH,1,1,1,1): 2 parts will be calculated
0  50  
0  50  
ThreePointSusceptibility(PH,1,1,1,1): 2 parts will be calculated
0  50  
0  50  
ThreePointSusceptibility(PH,1,1,1,1): 2 parts will be calculated
0  50  
0  50  
ThreePointSusceptibility(PH,1,1,1,1): 2 parts will be calculated
0  50  
0  50  
ThreePointSusceptibility(PH,1,1,1,1): 2 parts will be calculated
0  50  
0  50  
ThreePointSusceptibility(PH,1,1,1,1): 2 parts will be calculated
0  50  
0  50  
ThreePointSusceptibility(PH,1,1,1,1): 2 parts will be calculated
0  50  
0  50  
ThreePointSusceptibility(PH,1,1,1,1): 2 parts will be calculated
0  50  
0  50  
ThreePointSusceptibility(PH,1,1,1,1): 2 parts will be calculated
0  50  
0  50  
ThreePointSusceptibility(PH,1,1,1,1): 2 parts will be calculated
0  50  
0  50  
ThreePointSusceptibility(PH,1,1,1,1): 2 parts will be calculated
0  50  
0  50  
ThreePointSusceptibility(PH,1,1,1,1): 2 parts will be calculated
0  50  
0  50  
ThreePointSusceptibility(PH,1,1,1,1): 2 parts will be calculated
0  50  
0  50  
ThreePointSusceptibility(PH,1,1,1,1): 2 parts will be calculated
0  50  
0  50  
ThreePointSusceptibility(PH,1,1,1,1): 2 parts will be calculated
0  50  
0  50  
ThreePointSusceptibility(PH,1,1,1,1): 2 parts will be calculated
0  50  
0  50  
ThreePointSusceptibility(PH,1,1,1,1): 2 parts will be calculated
0  50  
0  50  
ThreePointSusceptibility(PH,1,1,1,1): 2 parts will be calculated
0  50  
0  50  
ThreePointSusceptibility(PH,1,1,1,1): 2 parts will be calculated
0  50  
0  50  
ThreePointSusceptibility(PH,1,1,1,1): 2 parts will be calculated
0  50  
0  50  
ThreePointSusceptibility(PH,1,1,1,1): 2 parts will be calculated
0  50  
0  50  
0  50  
0  50  
ThreePointSusceptibility(PH,1,1,1,1): 2 parts will be calculated
0  50  
0  50  
0  50  
0  50  
ThreePointSusceptibility(PH,1,1,1,1): 2 parts will be calculated
0  50  
0  50  
0  50  
0  50  
ThreePointSusceptibility(PH,1,1,1,1): 2 parts will be calculated
0  50  
0  50  
0  50  
0  50  
ThreePointSusceptibility(PH,1,1,1,1): 2 parts will be calculated
0  50  
0  50  
0  50  
0  50  
ThreePointSusceptibility(PH,1,1,1,1): 2 parts will be calculated
0  50  
0  50  
0  50  
0  50  
ThreePointSusceptibility(PH,1,1,1,1): 2 parts will be calculated
0  50  
0  50  
0  50  
0  50  
ThreePointSusceptibility(PH,1,1,1,1): 2 parts will be calculated
0  50  
0  50  
0  50  
0  50  
ThreePointSusceptibility(PH,1,1,1,1): 2 parts will be calculated
0  50  
0  50  
0  50  
0  50  
ThreePointSusceptibility(PH,1,1,1,1): 2 parts will be calculated
0  50  
0  50  
0  50  
0  50  
ThreePointSusceptibility(PH,1,1,1,1): 2 parts will be calculated
Pomerol: Computing field operators with indices 0, 1
0  50  
0  50  
chi3_iw_inu: Filling output container
compute_chi3: Filling \chi^3 element (up,0)(up,0)(up,0)(up,0)
ThreePointSusceptibility(PH,1,1,1,1): 2 parts will be calculated
0  50  
0  50  
ThreePointSusceptibility(PH,1,1,1,1): 2 parts will be calculated
0  50  
0  50  
ThreePointSusceptibility(PH,1,1,1,1): 2 parts will be calculated
0  50  
0  50  
0  50  
0  50  
ThreePointSusceptibility(PH,1,1,1,1): 2 parts will be calculated
0  50  
0  50  
0  50  
0  50  
ThreePointSusceptibility(PH,1,1,1,1): 2 parts will be calculated
0  50  
0  50  
ThreePointSusceptibility(PH,1,1,1,1): 2 parts will be calculated
ThreePointSusceptibility(PH,1,1,1,1): 2 parts will be calculated
ThreePointSusceptibility(PH,1,1,1,1): 2 parts will be calculated
0  50  
0  50  
ThreePointSusceptibility(PH,1,1,1,1): 2 parts will be calculated
0  50  
0  50  
ThreePointSusceptibility(PH,1,1,1,1): 2 parts will be calculated
ThreePointSusceptibility(PH,1,1,1,1): 2 parts will be calculated
0  50  
0  50  
ThreePointSusceptibility(PH,1,1,1,1): 2 parts will be calculated
Calculating 2 jobs using 90 procs.
50  
0  50  
0  50  
0  50  
ThreePointSusceptibility(PH,1,1,1,1): 2 parts will be calculated
[2/2] P1 : part 1 [1] run;
[1/2] P0 : part 0 [1] run;
Total 1+0+1=2 terms
Total 1+0+1=2 terms
done.
ThreePointSusceptibility(PH,1,1,0,0): 2 parts will be calculated
ThreePointSusceptibility(PH,1,1,0,0): 2 parts will be calculated
ThreePointSusceptibility(PH,1,1,0,0): 2 parts will be calculated
ThreePointSusceptibility(PH,1,1,0,0): 2 parts will be calculated
ThreePointSusceptibility(PH,1,1,0,0): 2 parts will be calculated
ThreePointSusceptibility(PH,1,1,0,0): 2 parts will be calculated
ThreePointSusceptibility(PH,1,1,0,0): 2 parts will be calculated
ThreePointSusceptibility(PH,1,1,0,0): 2 parts will be calculated
ThreePointSusceptibility(PH,1,1,0,0): 2 parts will be calculated
ThreePointSusceptibility(PH,1,1,0,0): 2 parts will be calculated
ThreePointSusceptibility(PH,1,1,0,0): 2 parts will be calculated
ThreePointSusceptibility(PH,1,1,0,0): 2 parts will be calculated
ThreePointSusceptibility(PH,1,1,0,0): 2 parts will be calculated
ThreePointSusceptibility(PH,1,1,0,0): 2 parts will be calculated
ThreePointSusceptibility(PH,1,1,0,0): 2 parts will be calculated
ThreePointSusceptibility(PH,1,1,0,0): 2 parts will be calculated
ThreePointSusceptibility(PH,1,1,0,0): 2 parts will be calculated
ThreePointSusceptibility(PH,1,1,0,0): 2 parts will be calculated
ThreePointSusceptibility(PH,1,1,0,0): 2 parts will be calculated
ThreePointSusceptibility(PH,1,1,0,0): 2 parts will be calculated
ThreePointSusceptibility(PH,1,1,0,0): 2 parts will be calculated
ThreePointSusceptibility(PH,1,1,0,0): 2 parts will be calculated
ThreePointSusceptibility(PH,1,1,0,0): 2 parts will be calculated
ThreePointSusceptibility(PH,1,1,0,0): 2 parts will be calculated
ThreePointSusceptibility(PH,1,1,0,0): 2 parts will be calculated
ThreePointSusceptibility(PH,1,1,0,0): 2 parts will be calculated
ThreePointSusceptibility(PH,1,1,0,0): 2 parts will be calculated
ThreePointSusceptibility(PH,1,1,0,0): 2 parts will be calculated
ThreePointSusceptibility(PH,1,1,0,0): 2 parts will be calculated
ThreePointSusceptibility(PH,1,1,0,0): 2 parts will be calculated
ThreePointSusceptibility(PH,1,1,0,0): 2 parts will be calculated
ThreePointSusceptibility(PH,1,1,0,0): 2 parts will be calculated
ThreePointSusceptibility(PH,1,1,0,0): 2 parts will be calculated
ThreePointSusceptibility(PH,1,1,0,0): 2 parts will be calculated
ThreePointSusceptibility(PH,1,1,0,0): 2 parts will be calculated
ThreePointSusceptibility(PH,1,1,0,0): 2 parts will be calculated
ThreePointSusceptibility(PH,1,1,0,0): 2 parts will be calculated
ThreePointSusceptibility(PH,1,1,0,0): 2 parts will be calculated
ThreePointSusceptibility(PH,1,1,0,0): 2 parts will be calculated
ThreePointSusceptibility(PH,1,1,0,0): 2 parts will be calculated
ThreePointSusceptibility(PH,1,1,0,0): 2 parts will be calculated
ThreePointSusceptibility(PH,1,1,0,0): 2 parts will be calculated
ThreePointSusceptibility(PH,1,1,0,0): 2 parts will be calculated
ThreePointSusceptibility(PH,1,1,0,0): 2 parts will be calculated
ThreePointSusceptibility(PH,1,1,0,0): 2 parts will be calculated
ThreePointSusceptibility(PH,1,1,0,0): 2 parts will be calculated
ThreePointSusceptibility(PH,1,1,0,0): 2 parts will be calculated
ThreePointSusceptibility(PH,1,1,0,0): 2 parts will be calculated
ThreePointSusceptibility(PH,1,1,0,0): 2 parts will be calculated
ThreePointSusceptibility(PH,1,1,0,0): 2 parts will be calculated
ThreePointSusceptibility(PH,1,1,0,0): 2 parts will be calculated
ThreePointSusceptibility(PH,1,1,0,0): 2 parts will be calculated
ThreePointSusceptibility(PH,1,1,0,0): 2 parts will be calculated
ThreePointSusceptibility(PH,1,1,0,0): 2 parts will be calculated
ThreePointSusceptibility(PH,1,1,0,0): 2 parts will be calculated
ThreePointSusceptibility(PH,1,1,0,0): 2 parts will be calculated
ThreePointSusceptibility(PH,1,1,0,0): 2 parts will be calculated
ThreePointSusceptibility(PH,1,1,0,0): 2 parts will be calculated
ThreePointSusceptibility(PH,1,1,0,0): 2 parts will be calculated
ThreePointSusceptibility(PH,1,1,0,0): 2 parts will be calculated
ThreePointSusceptibility(PH,1,1,0,0): 2 parts will be calculated
ThreePointSusceptibility(PH,1,1,0,0): 2 parts will be calculated
ThreePointSusceptibility(PH,1,1,0,0): 2 parts will be calculated
ThreePointSusceptibility(PH,1,1,0,0): 2 parts will be calculated
ThreePointSusceptibility(PH,1,1,0,0): 2 parts will be calculated
ThreePointSusceptibility(PH,1,1,0,0): 2 parts will be calculated
ThreePointSusceptibility(PH,1,1,0,0): 2 parts will be calculated
compute_chi3: Filling \chi^3 element (up,0)(up,0)(dn,0)(dn,0)
ThreePointSusceptibility(PH,1,1,0,0): 2 parts will be calculated
ThreePointSusceptibility(PH,1,1,0,0): 2 parts will be calculated
ThreePointSusceptibility(PH,1,1,0,0): 2 parts will be calculated
ThreePointSusceptibility(PH,1,1,0,0): 2 parts will be calculated
ThreePointSusceptibility(PH,1,1,0,0): 2 parts will be calculated
ThreePointSusceptibility(PH,1,1,0,0): 2 parts will be calculated
Calculating 2 jobs using 90 procs.
ThreePointSusceptibility(PH,1,1,0,0): 2 parts will be calculated
ThreePointSusceptibility(PH,1,1,0,0): 2 parts will be calculated
ThreePointSusceptibility(PH,1,1,0,0): 2 parts will be calculated
ThreePointSusceptibility(PH,1,1,0,0): 2 parts will be calculated
ThreePointSusceptibility(PH,1,1,0,0): 2 parts will be calculated
ThreePointSusceptibility(PH,1,1,0,0): 2 parts will be calculated
ThreePointSusceptibility(PH,1,1,0,0): 2 parts will be calculated
ThreePointSusceptibility(PH,1,1,0,0): 2 parts will be calculated
ThreePointSusceptibility(PH,1,1,0,0): 2 parts will be calculated
ThreePointSusceptibility(PH,1,1,0,0): 2 parts will be calculated
ThreePointSusceptibility(PH,1,1,0,0): 2 parts will be calculated
ThreePointSusceptibility(PH,1,1,0,0): 2 parts will be calculated
ThreePointSusceptibility(PH,1,1,0,0): 2 parts will be calculated
ThreePointSusceptibility(PH,1,1,0,0): 2 parts will be calculated
ThreePointSusceptibility(PH,1,1,0,0): 2 parts will be calculated
ThreePointSusceptibility(PH,1,1,0,0): 2 parts will be calculated
ThreePointSusceptibility(PH,1,1,0,0): 2 parts will be calculated
[2/2] P1 : part 1 [1] run;
Total 1+0+1=2 terms
[1/2] P0 : part 0 [1] run;
Total 1+0+1=2 terms
done.
ThreePointSusceptibility(PH,0,0,1,1): 2 parts will be calculated
ThreePointSusceptibility(PH,0,0,1,1): 2 parts will be calculated
ThreePointSusceptibility(PH,0,0,1,1): 2 parts will be calculated
ThreePointSusceptibility(PH,0,0,1,1): 2 parts will be calculated
ThreePointSusceptibility(PH,0,0,1,1): 2 parts will be calculated
ThreePointSusceptibility(PH,0,0,1,1): 2 parts will be calculated
ThreePointSusceptibility(PH,0,0,1,1): 2 parts will be calculated
ThreePointSusceptibility(PH,0,0,1,1): 2 parts will be calculated
ThreePointSusceptibility(PH,0,0,1,1): 2 parts will be calculated
ThreePointSusceptibility(PH,0,0,1,1): 2 parts will be calculated
ThreePointSusceptibility(PH,0,0,1,1): 2 parts will be calculated
ThreePointSusceptibility(PH,0,0,1,1): 2 parts will be calculated
ThreePointSusceptibility(PH,0,0,1,1): 2 parts will be calculated
ThreePointSusceptibility(PH,0,0,1,1): 2 parts will be calculated
ThreePointSusceptibility(PH,0,0,1,1): 2 parts will be calculated
ThreePointSusceptibility(PH,0,0,1,1): 2 parts will be calculated
ThreePointSusceptibility(PH,0,0,1,1): 2 parts will be calculated
ThreePointSusceptibility(PH,0,0,1,1): 2 parts will be calculated
ThreePointSusceptibility(PH,0,0,1,1): 2 parts will be calculated
ThreePointSusceptibility(PH,0,0,1,1): 2 parts will be calculated
ThreePointSusceptibility(PH,0,0,1,1): 2 parts will be calculated
ThreePointSusceptibility(PH,0,0,1,1): 2 parts will be calculated
ThreePointSusceptibility(PH,0,0,1,1): 2 parts will be calculated
ThreePointSusceptibility(PH,0,0,1,1): 2 parts will be calculated
ThreePointSusceptibility(PH,0,0,1,1): 2 parts will be calculated
ThreePointSusceptibility(PH,0,0,1,1): 2 parts will be calculated
ThreePointSusceptibility(PH,0,0,1,1): 2 parts will be calculated
ThreePointSusceptibility(PH,0,0,1,1): 2 parts will be calculated
ThreePointSusceptibility(PH,0,0,1,1): 2 parts will be calculated
ThreePointSusceptibility(PH,0,0,1,1): 2 parts will be calculated
ThreePointSusceptibility(PH,0,0,1,1): 2 parts will be calculated
ThreePointSusceptibility(PH,0,0,1,1): 2 parts will be calculated
ThreePointSusceptibility(PH,0,0,1,1): 2 parts will be calculated
ThreePointSusceptibility(PH,0,0,1,1): 2 parts will be calculated
ThreePointSusceptibility(PH,0,0,1,1): 2 parts will be calculated
ThreePointSusceptibility(PH,0,0,1,1): 2 parts will be calculated
ThreePointSusceptibility(PH,0,0,1,1): 2 parts will be calculated
ThreePointSusceptibility(PH,0,0,1,1): 2 parts will be calculated
compute_chi3: Filling \chi^3 element (dn,0)(dn,0)(up,0)(up,0)
ThreePointSusceptibility(PH,0,0,1,1): 2 parts will be calculated
Calculating 2 jobs using 90 procs.
ThreePointSusceptibility(PH,0,0,1,1): 2 parts will be calculated
ThreePointSusceptibility(PH,0,0,1,1): 2 parts will be calculated
ThreePointSusceptibility(PH,0,0,1,1): 2 parts will be calculated
ThreePointSusceptibility(PH,0,0,1,1): 2 parts will be calculated
ThreePointSusceptibility(PH,0,0,1,1): 2 parts will be calculated
ThreePointSusceptibility(PH,0,0,1,1): 2 parts will be calculated
ThreePointSusceptibility(PH,0,0,1,1): 2 parts will be calculated
ThreePointSusceptibility(PH,0,0,1,1): 2 parts will be calculated
ThreePointSusceptibility(PH,0,0,1,1): 2 parts will be calculated
ThreePointSusceptibility(PH,0,0,1,1): 2 parts will be calculated
ThreePointSusceptibility(PH,0,0,1,1): 2 parts will be calculated
ThreePointSusceptibility(PH,0,0,1,1): 2 parts will be calculated
ThreePointSusceptibility(PH,0,0,1,1): 2 parts will be calculated
ThreePointSusceptibility(PH,0,0,1,1): 2 parts will be calculated
ThreePointSusceptibility(PH,0,0,1,1): 2 parts will be calculated
ThreePointSusceptibility(PH,0,0,1,1): 2 parts will be calculated
ThreePointSusceptibility(PH,0,0,1,1): 2 parts will be calculated
ThreePointSusceptibility(PH,0,0,1,1): 2 parts will be calculated
ThreePointSusceptibility(PH,0,0,1,1): 2 parts will be calculated
ThreePointSusceptibility(PH,0,0,1,1): 2 parts will be calculated
ThreePointSusceptibility(PH,0,0,1,1): 2 parts will be calculated
ThreePointSusceptibility(PH,0,0,1,1): 2 parts will be calculated
ThreePointSusceptibility(PH,0,0,1,1): 2 parts will be calculated
ThreePointSusceptibility(PH,0,0,1,1): 2 parts will be calculated
ThreePointSusceptibility(PH,0,0,1,1): 2 parts will be calculated
ThreePointSusceptibility(PH,0,0,1,1): 2 parts will be calculated
ThreePointSusceptibility(PH,0,0,1,1): 2 parts will be calculated
ThreePointSusceptibility(PH,0,0,1,1): 2 parts will be calculated
ThreePointSusceptibility(PH,0,0,1,1): 2 parts will be calculated
ThreePointSusceptibility(PH,0,0,1,1): 2 parts will be calculated
ThreePointSusceptibility(PH,0,0,1,1): 2 parts will be calculated
ThreePointSusceptibility(PH,0,0,1,1): 2 parts will be calculated
ThreePointSusceptibility(PH,0,0,1,1): 2 parts will be calculated
ThreePointSusceptibility(PH,0,0,1,1): 2 parts will be calculated
ThreePointSusceptibility(PH,0,0,1,1): 2 parts will be calculated
ThreePointSusceptibility(PH,0,0,1,1): 2 parts will be calculated
ThreePointSusceptibility(PH,0,0,1,1): 2 parts will be calculated
ThreePointSusceptibility(PH,0,0,1,1): 2 parts will be calculated
ThreePointSusceptibility(PH,0,0,1,1): 2 parts will be calculated
ThreePointSusceptibility(PH,0,0,1,1): 2 parts will be calculated
ThreePointSusceptibility(PH,0,0,1,1): 2 parts will be calculated
ThreePointSusceptibility(PH,0,0,1,1): 2 parts will be calculated
ThreePointSusceptibility(PH,0,0,1,1): 2 parts will be calculated
ThreePointSusceptibility(PH,0,0,1,1): 2 parts will be calculated
ThreePointSusceptibility(PH,0,0,1,1): 2 parts will be calculated
ThreePointSusceptibility(PH,0,0,1,1): 2 parts will be calculated
ThreePointSusceptibility(PH,0,0,1,1): 2 parts will be calculated
ThreePointSusceptibility(PH,0,0,1,1): 2 parts will be calculated
ThreePointSusceptibility(PH,0,0,1,1): 2 parts will be calculated
ThreePointSusceptibility(PH,0,0,1,1): 2 parts will be calculated
ThreePointSusceptibility(PH,0,0,1,1): 2 parts will be calculated
[2/2] P1 : part 1 [1] run;
Total 1+0+1=2 terms
[1/2] P0 : part 0 [1] run;
Total 1+0+1=2 terms
done.
ThreePointSusceptibility(PH,0,0,0,0): 2 parts will be calculated
ThreePointSusceptibility(PH,0,0,0,0): 2 parts will be calculated
ThreePointSusceptibility(PH,0,0,0,0): 2 parts will be calculated
ThreePointSusceptibility(PH,0,0,0,0): 2 parts will be calculated
ThreePointSusceptibility(PH,0,0,0,0): 2 parts will be calculated
ThreePointSusceptibility(PH,0,0,0,0): 2 parts will be calculated
ThreePointSusceptibility(PH,0,0,0,0): 2 parts will be calculated
ThreePointSusceptibility(PH,0,0,0,0): 2 parts will be calculated
ThreePointSusceptibility(PH,0,0,0,0): 2 parts will be calculated
ThreePointSusceptibility(PH,0,0,0,0): 2 parts will be calculated
ThreePointSusceptibility(PH,0,0,0,0): 2 parts will be calculated
ThreePointSusceptibility(PH,0,0,0,0): 2 parts will be calculated
ThreePointSusceptibility(PH,0,0,0,0): 2 parts will be calculated
ThreePointSusceptibility(PH,0,0,0,0): 2 parts will be calculated
ThreePointSusceptibility(PH,0,0,0,0): 2 parts will be calculated
ThreePointSusceptibility(PH,0,0,0,0): 2 parts will be calculated
ThreePointSusceptibility(PH,0,0,0,0): 2 parts will be calculated
ThreePointSusceptibility(PH,0,0,0,0): 2 parts will be calculated
ThreePointSusceptibility(PH,0,0,0,0): 2 parts will be calculated
ThreePointSusceptibility(PH,0,0,0,0): 2 parts will be calculated
ThreePointSusceptibility(PH,0,0,0,0): 2 parts will be calculated
ThreePointSusceptibility(PH,0,0,0,0): 2 parts will be calculated
ThreePointSusceptibility(PH,0,0,0,0): 2 parts will be calculated
ThreePointSusceptibility(PH,0,0,0,0): 2 parts will be calculated
ThreePointSusceptibility(PH,0,0,0,0): 2 parts will be calculated
ThreePointSusceptibility(PH,0,0,0,0): 2 parts will be calculated
ThreePointSusceptibility(PH,0,0,0,0): 2 parts will be calculated
ThreePointSusceptibility(PH,0,0,0,0): 2 parts will be calculated
ThreePointSusceptibility(PH,0,0,0,0): 2 parts will be calculated
ThreePointSusceptibility(PH,0,0,0,0): 2 parts will be calculated
ThreePointSusceptibility(PH,0,0,0,0): 2 parts will be calculated
ThreePointSusceptibility(PH,0,0,0,0): 2 parts will be calculated
ThreePointSusceptibility(PH,0,0,0,0): 2 parts will be calculated
ThreePointSusceptibility(PH,0,0,0,0): 2 parts will be calculated
ThreePointSusceptibility(PH,0,0,0,0): 2 parts will be calculated
ThreePointSusceptibility(PH,0,0,0,0): 2 parts will be calculated
ThreePointSusceptibility(PH,0,0,0,0): 2 parts will be calculated
ThreePointSusceptibility(PH,0,0,0,0): 2 parts will be calculated
ThreePointSusceptibility(PH,0,0,0,0): 2 parts will be calculated
ThreePointSusceptibility(PH,0,0,0,0): 2 parts will be calculated
ThreePointSusceptibility(PH,0,0,0,0): 2 parts will be calculated
ThreePointSusceptibility(PH,0,0,0,0): 2 parts will be calculated
ThreePointSusceptibility(PH,0,0,0,0): 2 parts will be calculated
compute_chi3: Filling \chi^3 element (dn,0)(dn,0)(dn,0)(dn,0)
ThreePointSusceptibility(PH,0,0,0,0): 2 parts will be calculated
ThreePointSusceptibility(PH,0,0,0,0): 2 parts will be calculated
ThreePointSusceptibility(PH,0,0,0,0): 2 parts will be calculated
ThreePointSusceptibility(PH,0,0,0,0): 2 parts will be calculated
ThreePointSusceptibility(PH,0,0,0,0): 2 parts will be calculated
ThreePointSusceptibility(PH,0,0,0,0): 2 parts will be calculated
ThreePointSusceptibility(PH,0,0,0,0): 2 parts will be calculated
ThreePointSusceptibility(PH,0,0,0,0): 2 parts will be calculated
ThreePointSusceptibility(PH,0,0,0,0): 2 parts will be calculated
ThreePointSusceptibility(PH,0,0,0,0): 2 parts will be calculated
ThreePointSusceptibility(PH,0,0,0,0): 2 parts will be calculated
ThreePointSusceptibility(PH,0,0,0,0): 2 parts will be calculated
ThreePointSusceptibility(PH,0,0,0,0): 2 parts will be calculated
ThreePointSusceptibility(PH,0,0,0,0): 2 parts will be calculated
ThreePointSusceptibility(PH,0,0,0,0): 2 parts will be calculated
ThreePointSusceptibility(PH,0,0,0,0): 2 parts will be calculated
ThreePointSusceptibility(PH,0,0,0,0): 2 parts will be calculated
ThreePointSusceptibility(PH,0,0,0,0): 2 parts will be calculated
ThreePointSusceptibility(PH,0,0,0,0): 2 parts will be calculated
ThreePointSusceptibility(PH,0,0,0,0): 2 parts will be calculated
ThreePointSusceptibility(PH,0,0,0,0): 2 parts will be calculated
ThreePointSusceptibility(PH,0,0,0,0): 2 parts will be calculated
ThreePointSusceptibility(PH,0,0,0,0): 2 parts will be calculated
ThreePointSusceptibility(PH,0,0,0,0): 2 parts will be calculated
ThreePointSusceptibility(PH,0,0,0,0): 2 parts will be calculated
ThreePointSusceptibility(PH,0,0,0,0): 2 parts will be calculated
ThreePointSusceptibility(PH,0,0,0,0): 2 parts will be calculated
ThreePointSusceptibility(PH,0,0,0,0): 2 parts will be calculated
ThreePointSusceptibility(PH,0,0,0,0): 2 parts will be calculated
ThreePointSusceptibility(PH,0,0,0,0): 2 parts will be calculated
ThreePointSusceptibility(PH,0,0,0,0): 2 parts will be calculated
ThreePointSusceptibility(PH,0,0,0,0): 2 parts will be calculated
ThreePointSusceptibility(PH,0,0,0,0): 2 parts will be calculated
ThreePointSusceptibility(PH,0,0,0,0): 2 parts will be calculated
ThreePointSusceptibility(PH,0,0,0,0): 2 parts will be calculated
ThreePointSusceptibility(PH,0,0,0,0): 2 parts will be calculated
ThreePointSusceptibility(PH,0,0,0,0): 2 parts will be calculated
ThreePointSusceptibility(PH,0,0,0,0): 2 parts will be calculated
ThreePointSusceptibility(PH,0,0,0,0): 2 parts will be calculated
ThreePointSusceptibility(PH,0,0,0,0): 2 parts will be calculated
ThreePointSusceptibility(PH,0,0,0,0): 2 parts will be calculated
ThreePointSusceptibility(PH,0,0,0,0): 2 parts will be calculated
ThreePointSusceptibility(PH,0,0,0,0): 2 parts will be calculated
ThreePointSusceptibility(PH,0,0,0,0): 2 parts will be calculated
ThreePointSusceptibility(PH,0,0,0,0): 2 parts will be calculated
ThreePointSusceptibility(PH,0,0,0,0): 2 parts will be calculated
ThreePointSusceptibility(PH,0,0,0,0): 2 parts will be calculated
[2/2] P1 : part 1 [1] run;
Total 1+0+1=2 terms
Calculating 2 jobs using 90 procs.
[1/2] P0 : part 0 [1] run;
Total 1+0+1=2 terms
done.
